$ riscv64-linux-gnu-readelf -h /home/zpg/Work/PugeZhang/build/lab1-cpu2/kernel.elf

ELF Header:
  Magic:   7f 45 4c 46 02 01 01 00 00 00 00 00 00 00 00 00 
  Class:                             ELF64
  Data:                              2's complement, little endian
  Version:                           1 (current)
  OS/ABI:                            UNIX - System V
  ABI Version:                       0
  Type:                              EXEC (Executable file)
  Machine:                           RISC-V
  Version:                           0x1
  Entry point address:               0x80000000
  Start of program headers:          64 (bytes into file)
  Start of section headers:          63376 (bytes into file)
  Flags:                             0x1, RVC, soft-float ABI
  Size of this header:               64 (bytes)
  Size of program headers:           56 (bytes)
  Number of program headers:         4
  Size of section headers:           64 (bytes)
  Number of section headers:         17
  Section header string table index: 16

$ riscv64-linux-gnu-nm -n /home/zpg/Work/PugeZhang/build/lab1-cpu2/kernel.elf

0000000080000000 A KERNEL_BASE
0000000080000000 T _boot
0000000080000000 T _text_start
000000008000008c T kernel_vector
0000000080000138 T trap_register_probe
000000008000017c T trap_breakpoint_site
0000000080000210 T trap_load_fault_site
0000000080000210 T trap_load_probe
0000000080000218 T trap_load_fault_resume
000000008000021c T trap_store_probe
0000000080000220 T trap_store_fault_site
0000000080000228 T trap_store_fault_resume
000000008000022c T boot_start
00000000800002a8 t show_boot
0000000080000324 T boot_trace_mark
0000000080000338 T kernel_main
0000000080000844 T irq_push
000000008000086c T irq_pop
00000000800008a6 T spin_init
00000000800008ac T spin_acquire
00000000800008e4 T spin_release
0000000080000926 T trap_test_load_fault
000000008000098e T trap_test_store_fault
00000000800009f6 T trap_init_hart
0000000080000a12 T trap_enable
0000000080000a14 T trap_ticks
0000000080000a32 T trap_uart_interrupts
0000000080000a3e T trap_breakpoint_test
0000000080000aa8 T trap_handle
0000000080000c4e T trap_selftest
0000000080000cb8 T uart_init
0000000080000cd6 T uart_putc
0000000080000cfc T uart_puts
0000000080000d2c T uart_enable_rx_irq
0000000080000d38 T uart_intr
0000000080000daa T uart_getc
0000000080000dc4 T uart_rx_bytes
0000000080000dd0 T uart_rx_dropped
0000000080000ddc T plic_init
0000000080000dea T plic_init_hart
0000000080000e12 T plic_claim
0000000080000e28 T plic_complete
0000000080000e40 t emit_unsigned
0000000080000ee6 t format.constprop.0
00000000800013b8 T console_init
00000000800013d8 T console_putc
0000000080001410 T console_printf
000000008000146e T console_snprintf
000000008000149e T console_selftest
0000000080001648 T panic
0000000080001682 T memset
000000008000169a T memcpy
00000000800016b2 T strcmp
00000000800016ea T strlen
0000000080001704 T sbi_probe_extension
0000000080001708 T sbi_start_hart
0000000080001722 T sbi_boot_secondaries
0000000080001726 T sbi_set_timer
0000000080001734 T sbi_shutdown
0000000080002000 R _rodata_start
0000000080002000 R _text_end
0000000080003000 D _data_start
0000000080003000 D _rodata_end
0000000080003000 d boot_claim
0000000080003004 d boot_ready
0000000080003008 B _bss_start
0000000080003008 D _data_end
0000000080004000 B _boot_stack_base
000000008000c000 B _boot_stack_top
000000008000c000 b records
000000008000c080 b boot_failures
000000008000c088 b leader
000000008000c090 b ready_count
000000008000c094 b global_ready
000000008000c098 b irq_depth
000000008000c0b8 b irq_was_enabled
000000008000c0d8 b expected_fault_address
000000008000c118 b fault_seen
000000008000c138 b expected_fault_cause
000000008000c178 b ticks
000000008000c1b8 b breakpoint_count
000000008000c1f8 b breakpoint_expected
000000008000c218 b uart_interrupts
000000008000c220 b rx_dropped
000000008000c228 b rx_bytes
000000008000c230 b write_position
000000008000c234 b read_position
000000008000c238 b output_lock
000000008000c240 B _bss_end
000000008000d000 B _kernel_end
