Agent-run UART observation, started 2026-10-05T14:03:10.974339+00:00
$ qemu-system-riscv64 -machine virt -bios none -kernel /home/zpg/Work/PugeZhang/build/lab1-cpu8/kernel.elf -m 128M -smp 8 -nographic -monitor none


PugeZhangOS: Lab 1, 8 harts, boot hart 0
[uart-test] hart=0 seq=0
[uart-test] hart=4 seq=0
[uart-test] hart=7 seq=0
[uart-test] hart=1 seq=0
[uart-test] hart=7 seq=1
[uart-test] hart=4 seq=1
[uart-test] hart=7 seq=2
[uart-test] hart=4 seq=2
[uart-test] hart=5 seq=0
[uart-test] hart=7 seq=3
[uart-test] hart=0 seq=1
[uart-test] hart=4 seq=3
[uart-test] hart=6 seq=0
[uart-test] hart=5 seq=1
[uart-test] hart=6 seq=1
[uart-test] hart=3 seq=0
[uart-test] hart=1 seq=1
[uart-test] hart=3 seq=1
[uart-test] hart=6 seq=2
[uart-test] hart=1 seq=2
[uart-test] hart=0 seq=2
[uart-test] hart=3 seq=2
[uart-test] hart=5 seq=2
[uart-test] hart=0 seq=3
[uart-test] hart=1 seq=3
[uart-test] hart=3 seq=3
[uart-test] hart=2 seq=0
[uart-test] hart=6 seq=3
[uart-test] hart=5 seq=3
[uart-test] hart=2 seq=1
[uart-test] hart=2 seq=2
[uart-test] hart=2 seq=3
[boot] hart=0 stages=0x6f ready=1 stack=0x8000b000..0x8000c000 satp=0x0
[boot] hart=1 stages=0x67 ready=1 stack=0x8000a000..0x8000b000 satp=0x0
[boot] hart=2 stages=0x67 ready=1 stack=0x80009000..0x8000a000 satp=0x0
[boot] hart=3 stages=0x67 ready=1 stack=0x80008000..0x80009000 satp=0x0
[boot] hart=4 stages=0x67 ready=1 stack=0x80007000..0x80008000 satp=0x0
[boot] hart=5 stages=0x67 ready=1 stack=0x80006000..0x80007000 satp=0x0
[boot] hart=6 stages=0x67 ready=1 stack=0x80005000..0x80006000 satp=0x0
[boot] hart=7 stages=0x67 ready=1 stack=0x80004000..0x80005000 satp=0x0
[test] format PASS
[test] page SKIP (Lab 2)
[test] vm SKIP (Lab 2)
[test] summary failures=0
[ready] lab=1 cpus=8 leader=0
pgos> boot
[boot] hart=0 stages=0x6f ready=1 stack=0x8000b000..0x8000c000 satp=0x0
[boot] hart=1 stages=0x67 ready=1 stack=0x8000a000..0x8000b000 satp=0x0
[boot] hart=2 stages=0x67 ready=1 stack=0x80009000..0x8000a000 satp=0x0
[boot] hart=3 stages=0x67 ready=1 stack=0x80008000..0x80009000 satp=0x0
[boot] hart=4 stages=0x67 ready=1 stack=0x80007000..0x80008000 satp=0x0
[boot] hart=5 stages=0x67 ready=1 stack=0x80006000..0x80007000 satp=0x0
[boot] hart=6 stages=0x67 ready=1 stack=0x80005000..0x80006000 satp=0x0
[boot] hart=7 stages=0x67 ready=1 stack=0x80004000..0x80005000 satp=0x0
pgos> help
Commands: help boot mem vm [hex-address] ticks irq test echo <text> quit
Kernel monitor in S-mode; no user processes yet. LAB=1 CPUS=8
pgos> test
[test] format PASS
[test] page SKIP (Lab 2)
[test] vm SKIP (Lab 2)
[test] summary failures=0
pgos> echo CRLF_OK
[echo] CRLF_OK
pgos> echo FIXx ED
[echo] FIXED
pgos> echo DELX _OK
[echo] DEL_OK
pgos> echo LF_OK
[echo] LF_OK
pgos> echo bbbbbbbbbbbbbbbbbbbbbbbbbbbbbbbbbbbbbbbbbbbbbbbbbbbbbbbbbbbbbbbbbbbbbbbbbbbbbbbbbbbbbbbbbbbbbbbbbbbbbbbbbbbbbbbbbbbbbbbbbb
[echo] bbbbbbbbbbbbbbbbbbbbbbbbbbbbbbbbbbbbbbbbbbbbbbbbbbbbbbbbbbbbbbbbbbbbbbbbbbbbbbbbbbbbbbbbbbbbbbbbbbbbbbbbbbbbbbbbbbbbbbbbbb
pgos> echo xxxxxxxxxxxxxxxxxxxxxxxxxxxxxxxxxxxxxxxxxxxxxxxxxxxxxxxxxxxxxxxxxxxxxxxxxxxxxxxxxxxxxxxxxxxxxxxxxxxxxxxxxxxxxxxxxxxxxxxxxx
[input] line too long; discarded
pgos> echo xxxxxxxxxxxxxxxxxxxxxxxxxxxxxxxxxxxxxxxxxxxxxxxxxxxxxxxxxxxxxxxxxxxxxxxxxxxxxxxxxxxxxxxxxxxxxxxxxxxxxxxxxxxxxxxxxxxxxxxxxx
[input] line too long; discarded
pgos> echo RECOVERED
[echo] RECOVERED
pgos> quit
[shutdown]
