$ riscv64-linux-gnu-readelf -h /home/zpg/Work/PugeZhang/build/lab1-cpu1/kernel.elf

ELF Header:
  Magic:   7f 45 4c 46 02 01 01 00 00 00 00 00 00 00 00 00 
  Class:                             ELF64
  Data:                              2's complement, little endian
  Version:                           1 (current)
  OS/ABI:                            UNIX - System V
  ABI Version:                       0
  Type:                              EXEC (Executable file)
  Machine:                           RISC-V
  Version:                           0x1
  Entry point address:               0x80000000
  Start of program headers:          64 (bytes into file)
  Start of section headers:          63016 (bytes into file)
  Flags:                             0x1, RVC, soft-float ABI
  Size of this header:               64 (bytes)
  Size of program headers:           56 (bytes)
  Number of program headers:         4
  Size of section headers:           64 (bytes)
  Number of section headers:         17
  Section header string table index: 16

$ riscv64-linux-gnu-nm -n /home/zpg/Work/PugeZhang/build/lab1-cpu1/kernel.elf

0000000080000000 A KERNEL_BASE
0000000080000000 T _boot
0000000080000000 T _text_start
000000008000008c T kernel_vector
0000000080000138 T trap_register_probe
000000008000017c T trap_breakpoint_site
0000000080000210 T trap_load_fault_site
0000000080000210 T trap_load_probe
0000000080000218 T trap_load_fault_resume
000000008000021c T trap_store_probe
0000000080000220 T trap_store_fault_site
0000000080000228 T trap_store_fault_resume
000000008000022c T boot_start
00000000800002a8 t show_boot
00000000800002e4 T boot_trace_mark
00000000800002f8 T kernel_main
00000000800007e6 T irq_push
000000008000080e T irq_pop
0000000080000848 T spin_init
000000008000084e T spin_acquire
0000000080000886 T spin_release
00000000800008c8 T trap_test_load_fault
0000000080000930 T trap_test_store_fault
0000000080000998 T trap_init_hart
00000000800009b4 T trap_enable
00000000800009b6 T trap_ticks
00000000800009d4 T trap_uart_interrupts
00000000800009e0 T trap_breakpoint_test
0000000080000a4a T trap_handle
0000000080000bf0 T trap_selftest
0000000080000c5a T uart_init
0000000080000c78 T uart_putc
0000000080000c9e T uart_puts
0000000080000cce T uart_enable_rx_irq
0000000080000cda T uart_intr
0000000080000d4c T uart_getc
0000000080000d66 T uart_rx_bytes
0000000080000d72 T uart_rx_dropped
0000000080000d7e T plic_init
0000000080000d8c T plic_init_hart
0000000080000db4 T plic_claim
0000000080000dca T plic_complete
0000000080000de2 t emit_unsigned
0000000080000e88 t format.constprop.0
000000008000135a T console_init
000000008000137a T console_putc
00000000800013b2 T console_printf
0000000080001410 T console_snprintf
0000000080001440 T console_selftest
00000000800015ea T panic
0000000080001624 T memset
000000008000163c T memcpy
0000000080001654 T strcmp
000000008000168c T strlen
00000000800016a6 T sbi_probe_extension
00000000800016aa T sbi_start_hart
00000000800016c4 T sbi_boot_secondaries
00000000800016c8 T sbi_set_timer
00000000800016d6 T sbi_shutdown
0000000080002000 R _rodata_start
0000000080002000 R _text_end
0000000080003000 D _data_start
0000000080003000 D _rodata_end
0000000080003000 d boot_claim
0000000080003004 d boot_ready
0000000080003008 B _bss_start
0000000080003008 D _data_end
0000000080004000 B _boot_stack_base
000000008000c000 B _boot_stack_top
000000008000c000 b records
000000008000c080 b boot_failures
000000008000c088 b leader
000000008000c090 b ready_count
000000008000c094 b global_ready
000000008000c098 b irq_depth
000000008000c0b8 b irq_was_enabled
000000008000c0d8 b expected_fault_address
000000008000c118 b fault_seen
000000008000c138 b expected_fault_cause
000000008000c178 b ticks
000000008000c1b8 b breakpoint_count
000000008000c1f8 b breakpoint_expected
000000008000c218 b uart_interrupts
000000008000c220 b rx_dropped
000000008000c228 b rx_bytes
000000008000c230 b write_position
000000008000c234 b read_position
000000008000c238 b output_lock
000000008000c240 B _bss_end
000000008000d000 B _kernel_end
