$ make --no-print-directory LAB=1 CPUS=3

mkdir -p build/lab1-cpu3/boot/
riscv64-linux-gnu-gcc -march=rv64imac_zicsr_zifencei -mabi=lp64 -mcmodel=medany -ffreestanding -fno-builtin -nostdlib -nostartfiles -fno-pic -fno-pie -fno-stack-protector -mno-relax -Wall -Wextra -Werror -O2 -g -MMD -MP -Iinclude -DLAB=1 -DCPUS=3 -c boot/entry.S -o build/lab1-cpu3/boot/entry.o
mkdir -p build/lab1-cpu3/boot/
riscv64-linux-gnu-gcc -march=rv64imac_zicsr_zifencei -mabi=lp64 -mcmodel=medany -ffreestanding -fno-builtin -nostdlib -nostartfiles -fno-pic -fno-pie -fno-stack-protector -mno-relax -Wall -Wextra -Werror -O2 -g -MMD -MP -Iinclude -DLAB=1 -DCPUS=3 -c boot/trap.S -o build/lab1-cpu3/boot/trap.o
mkdir -p build/lab1-cpu3/boot/
riscv64-linux-gnu-gcc -march=rv64imac_zicsr_zifencei -mabi=lp64 -mcmodel=medany -ffreestanding -fno-builtin -nostdlib -nostartfiles -fno-pic -fno-pie -fno-stack-protector -mno-relax -Wall -Wextra -Werror -O2 -g -MMD -MP -Iinclude -DLAB=1 -DCPUS=3 -c boot/start.c -o build/lab1-cpu3/boot/start.o
mkdir -p build/lab1-cpu3/kernel/
riscv64-linux-gnu-gcc -march=rv64imac_zicsr_zifencei -mabi=lp64 -mcmodel=medany -ffreestanding -fno-builtin -nostdlib -nostartfiles -fno-pic -fno-pie -fno-stack-protector -mno-relax -Wall -Wextra -Werror -O2 -g -MMD -MP -Iinclude -DLAB=1 -DCPUS=3 -c kernel/main.c -o build/lab1-cpu3/kernel/main.o
mkdir -p build/lab1-cpu3/kernel/
riscv64-linux-gnu-gcc -march=rv64imac_zicsr_zifencei -mabi=lp64 -mcmodel=medany -ffreestanding -fno-builtin -nostdlib -nostartfiles -fno-pic -fno-pie -fno-stack-protector -mno-relax -Wall -Wextra -Werror -O2 -g -MMD -MP -Iinclude -DLAB=1 -DCPUS=3 -c kernel/spinlock.c -o build/lab1-cpu3/kernel/spinlock.o
mkdir -p build/lab1-cpu3/kernel/
riscv64-linux-gnu-gcc -march=rv64imac_zicsr_zifencei -mabi=lp64 -mcmodel=medany -ffreestanding -fno-builtin -nostdlib -nostartfiles -fno-pic -fno-pie -fno-stack-protector -mno-relax -Wall -Wextra -Werror -O2 -g -MMD -MP -Iinclude -DLAB=1 -DCPUS=3 -c kernel/trap.c -o build/lab1-cpu3/kernel/trap.o
mkdir -p build/lab1-cpu3/drivers/
riscv64-linux-gnu-gcc -march=rv64imac_zicsr_zifencei -mabi=lp64 -mcmodel=medany -ffreestanding -fno-builtin -nostdlib -nostartfiles -fno-pic -fno-pie -fno-stack-protector -mno-relax -Wall -Wextra -Werror -O2 -g -MMD -MP -Iinclude -DLAB=1 -DCPUS=3 -c drivers/uart.c -o build/lab1-cpu3/drivers/uart.o
mkdir -p build/lab1-cpu3/drivers/
riscv64-linux-gnu-gcc -march=rv64imac_zicsr_zifencei -mabi=lp64 -mcmodel=medany -ffreestanding -fno-builtin -nostdlib -nostartfiles -fno-pic -fno-pie -fno-stack-protector -mno-relax -Wall -Wextra -Werror -O2 -g -MMD -MP -Iinclude -DLAB=1 -DCPUS=3 -c drivers/plic.c -o build/lab1-cpu3/drivers/plic.o
mkdir -p build/lab1-cpu3/lib/
riscv64-linux-gnu-gcc -march=rv64imac_zicsr_zifencei -mabi=lp64 -mcmodel=medany -ffreestanding -fno-builtin -nostdlib -nostartfiles -fno-pic -fno-pie -fno-stack-protector -mno-relax -Wall -Wextra -Werror -O2 -g -MMD -MP -Iinclude -DLAB=1 -DCPUS=3 -c lib/console.c -o build/lab1-cpu3/lib/console.o
mkdir -p build/lab1-cpu3/lib/
riscv64-linux-gnu-gcc -march=rv64imac_zicsr_zifencei -mabi=lp64 -mcmodel=medany -ffreestanding -fno-builtin -nostdlib -nostartfiles -fno-pic -fno-pie -fno-stack-protector -mno-relax -Wall -Wextra -Werror -O2 -g -MMD -MP -Iinclude -DLAB=1 -DCPUS=3 -c lib/memory.c -o build/lab1-cpu3/lib/memory.o
mkdir -p build/lab1-cpu3/lib/
riscv64-linux-gnu-gcc -march=rv64imac_zicsr_zifencei -mabi=lp64 -mcmodel=medany -ffreestanding -fno-builtin -nostdlib -nostartfiles -fno-pic -fno-pie -fno-stack-protector -mno-relax -Wall -Wextra -Werror -O2 -g -MMD -MP -Iinclude -DLAB=1 -DCPUS=3 -c lib/sbi.c -o build/lab1-cpu3/lib/sbi.o
riscv64-linux-gnu-ld -T linker.ld --defsym=KERNEL_BASE=0x80000000 -o build/lab1-cpu3/kernel.elf build/lab1-cpu3/boot/entry.o build/lab1-cpu3/boot/trap.o build/lab1-cpu3/boot/start.o build/lab1-cpu3/kernel/main.o build/lab1-cpu3/kernel/spinlock.o build/lab1-cpu3/kernel/trap.o build/lab1-cpu3/drivers/uart.o build/lab1-cpu3/drivers/plic.o build/lab1-cpu3/lib/console.o build/lab1-cpu3/lib/memory.o build/lab1-cpu3/lib/sbi.o
