$ riscv64-linux-gnu-readelf -h /home/zpg/Work/PugeZhang/build/lab2-cpu8/kernel.elf

ELF Header:
  Magic:   7f 45 4c 46 02 01 01 00 00 00 00 00 00 00 00 00 
  Class:                             ELF64
  Data:                              2's complement, little endian
  Version:                           1 (current)
  OS/ABI:                            UNIX - System V
  ABI Version:                       0
  Type:                              EXEC (Executable file)
  Machine:                           RISC-V
  Version:                           0x1
  Entry point address:               0x80200000
  Start of program headers:          64 (bytes into file)
  Start of section headers:          113248 (bytes into file)
  Flags:                             0x1, RVC, soft-float ABI
  Size of this header:               64 (bytes)
  Size of program headers:           56 (bytes)
  Number of program headers:         4
  Size of section headers:           64 (bytes)
  Number of section headers:         17
  Section header string table index: 16

$ riscv64-linux-gnu-nm -n /home/zpg/Work/PugeZhang/build/lab2-cpu8/kernel.elf

0000000080200000 A KERNEL_BASE
0000000080200000 T _boot
0000000080200000 T _text_start
0000000080200088 T kernel_vector
0000000080200134 T trap_register_probe
0000000080200178 T trap_breakpoint_site
000000008020020c T trap_load_fault_site
000000008020020c T trap_load_probe
0000000080200214 T trap_load_fault_resume
0000000080200218 T trap_store_probe
000000008020021c T trap_store_fault_site
0000000080200224 T trap_store_fault_resume
0000000080200228 T boot_start
000000008020026e t show_memory
00000000802002dc t show_boot
0000000080200346 t run_tests
00000000802003d2 t show_mapping
000000008020049a t wait_count.constprop.0
00000000802004d8 T boot_trace_mark
00000000802004ec T kernel_main
0000000080200d9e T irq_push
0000000080200dc6 T irq_pop
0000000080200e00 T spin_init
0000000080200e06 T spin_acquire
0000000080200e3e T spin_release
0000000080200e80 T trap_test_load_fault
0000000080200ee8 T trap_test_store_fault
0000000080200f50 T trap_init_hart
0000000080200f6c T trap_enable
0000000080200f6e T trap_ticks
0000000080200f8c T trap_uart_interrupts
0000000080200f98 T trap_breakpoint_test
0000000080201002 T trap_handle
00000000802011a8 T trap_selftest
0000000080201212 T uart_init
0000000080201230 T uart_putc
0000000080201256 T uart_puts
0000000080201286 T uart_enable_rx_irq
0000000080201292 T uart_intr
0000000080201304 T uart_getc
000000008020131e T uart_rx_bytes
000000008020132a T uart_rx_dropped
0000000080201336 T plic_init
0000000080201344 T plic_init_hart
000000008020136c T plic_claim
0000000080201382 T plic_complete
000000008020139a t emit_unsigned
0000000080201440 t format.constprop.0
0000000080201912 T console_init
0000000080201932 T console_putc
000000008020196a T console_printf
00000000802019c8 T console_snprintf
00000000802019f8 T console_selftest
0000000080201ba2 T panic
0000000080201bdc T memset
0000000080201bf4 T memcpy
0000000080201c0c T strcmp
0000000080201c44 T strlen
0000000080201c5e T sbi_probe_extension
0000000080201c76 T sbi_start_hart
0000000080201c90 T sbi_boot_secondaries
0000000080201cf0 T sbi_set_timer
0000000080201d2e T sbi_shutdown
0000000080201d50 t prepare_pool
0000000080201dee t page_alloc.part.0
0000000080201e92 T page_init
0000000080201f4c T page_alloc
0000000080201f5e T page_free
0000000080202084 T page_get_stats
0000000080202118 T page_selftest
00000000802025d6 t map_page
00000000802026d6 T vm_init
000000008020286c T vm_enable
000000008020288a T vm_root_address
0000000080202894 T vm_diag_frame_address
000000008020289e T vm_lookup
00000000802029c2 T vm_selftest
0000000080204000 R _rodata_start
0000000080204000 R _text_end
0000000080205000 D _data_start
0000000080205000 D _rodata_end
0000000080205000 d boot_claim
0000000080205004 d boot_ready
0000000080205008 B _bss_start
0000000080205008 D _data_end
0000000080206000 B _boot_stack_base
000000008020e000 B _boot_stack_top
000000008020e000 b records
000000008020e080 b baseline_free
000000008020e090 b held_kernel
000000008020e0d0 b held_user
000000008020e110 b hart_page_failures
000000008020e130 b allow_release
000000008020e134 b held_count
000000008020e138 b boot_failures
000000008020e140 b leader
000000008020e148 b ready_count
000000008020e14c b global_ready
000000008020e150 b irq_depth
000000008020e170 b irq_was_enabled
000000008020e190 b expected_fault_address
000000008020e1d0 b fault_seen
000000008020e1f0 b expected_fault_cause
000000008020e230 b ticks
000000008020e270 b breakpoint_count
000000008020e2b0 b breakpoint_expected
000000008020e2d0 b uart_interrupts
000000008020e2d8 b rx_dropped
000000008020e2e0 b rx_bytes
000000008020e2e8 b write_position
000000008020e2ec b read_position
000000008020e2f0 b output_lock
000000008020e2f8 b pools
000000008020e388 b owned
000000008020f388 b reserved_end
000000008020f390 b reserved_begin
000000008020f398 b diag_frame
000000008020f3a0 b root
000000008020f3a8 B _bss_end
0000000080210000 B _kernel_end
