$ riscv64-linux-gnu-readelf -h /home/zpg/Work/PugeZhang/build/lab2-cpu3/kernel.elf

ELF Header:
  Magic:   7f 45 4c 46 02 01 01 00 00 00 00 00 00 00 00 00 
  Class:                             ELF64
  Data:                              2's complement, little endian
  Version:                           1 (current)
  OS/ABI:                            UNIX - System V
  ABI Version:                       0
  Type:                              EXEC (Executable file)
  Machine:                           RISC-V
  Version:                           0x1
  Entry point address:               0x80200000
  Start of program headers:          64 (bytes into file)
  Start of section headers:          113256 (bytes into file)
  Flags:                             0x1, RVC, soft-float ABI
  Size of this header:               64 (bytes)
  Size of program headers:           56 (bytes)
  Number of program headers:         4
  Size of section headers:           64 (bytes)
  Number of section headers:         17
  Section header string table index: 16

$ riscv64-linux-gnu-nm -n /home/zpg/Work/PugeZhang/build/lab2-cpu3/kernel.elf

0000000080200000 A KERNEL_BASE
0000000080200000 T _boot
0000000080200000 T _text_start
0000000080200088 T kernel_vector
0000000080200134 T trap_register_probe
0000000080200178 T trap_breakpoint_site
000000008020020c T trap_load_fault_site
000000008020020c T trap_load_probe
0000000080200214 T trap_load_fault_resume
0000000080200218 T trap_store_probe
000000008020021c T trap_store_fault_site
0000000080200224 T trap_store_fault_resume
0000000080200228 T boot_start
000000008020026e t show_memory
00000000802002dc t show_boot
0000000080200346 t run_tests
00000000802003d2 t show_mapping
000000008020049a t wait_count.constprop.0
00000000802004d8 T boot_trace_mark
00000000802004ec T kernel_main
0000000080200d92 T irq_push
0000000080200dba T irq_pop
0000000080200df4 T spin_init
0000000080200dfa T spin_acquire
0000000080200e32 T spin_release
0000000080200e74 T trap_test_load_fault
0000000080200edc T trap_test_store_fault
0000000080200f44 T trap_init_hart
0000000080200f60 T trap_enable
0000000080200f62 T trap_ticks
0000000080200f80 T trap_uart_interrupts
0000000080200f8c T trap_breakpoint_test
0000000080200ff6 T trap_handle
000000008020119c T trap_selftest
0000000080201206 T uart_init
0000000080201224 T uart_putc
000000008020124a T uart_puts
000000008020127a T uart_enable_rx_irq
0000000080201286 T uart_intr
00000000802012f8 T uart_getc
0000000080201312 T uart_rx_bytes
000000008020131e T uart_rx_dropped
000000008020132a T plic_init
0000000080201338 T plic_init_hart
0000000080201360 T plic_claim
0000000080201376 T plic_complete
000000008020138e t emit_unsigned
0000000080201434 t format.constprop.0
0000000080201906 T console_init
0000000080201926 T console_putc
000000008020195e T console_printf
00000000802019bc T console_snprintf
00000000802019ec T console_selftest
0000000080201b96 T panic
0000000080201bd0 T memset
0000000080201be8 T memcpy
0000000080201c00 T strcmp
0000000080201c38 T strlen
0000000080201c52 T sbi_probe_extension
0000000080201c6a T sbi_start_hart
0000000080201c84 T sbi_boot_secondaries
0000000080201ce4 T sbi_set_timer
0000000080201d22 T sbi_shutdown
0000000080201d44 t prepare_pool
0000000080201de2 t page_alloc.part.0
0000000080201e86 T page_init
0000000080201f40 T page_alloc
0000000080201f52 T page_free
0000000080202078 T page_get_stats
000000008020210c T page_selftest
00000000802025ca t map_page
00000000802026ca T vm_init
0000000080202860 T vm_enable
000000008020287e T vm_root_address
0000000080202888 T vm_diag_frame_address
0000000080202892 T vm_lookup
00000000802029b6 T vm_selftest
0000000080204000 R _rodata_start
0000000080204000 R _text_end
0000000080205000 D _data_start
0000000080205000 D _rodata_end
0000000080205000 d boot_claim
0000000080205004 d boot_ready
0000000080205008 B _bss_start
0000000080205008 D _data_end
0000000080206000 B _boot_stack_base
000000008020e000 B _boot_stack_top
000000008020e000 b records
000000008020e080 b baseline_free
000000008020e090 b held_kernel
000000008020e0d0 b held_user
000000008020e110 b hart_page_failures
000000008020e130 b allow_release
000000008020e134 b held_count
000000008020e138 b boot_failures
000000008020e140 b leader
000000008020e148 b ready_count
000000008020e14c b global_ready
000000008020e150 b irq_depth
000000008020e170 b irq_was_enabled
000000008020e190 b expected_fault_address
000000008020e1d0 b fault_seen
000000008020e1f0 b expected_fault_cause
000000008020e230 b ticks
000000008020e270 b breakpoint_count
000000008020e2b0 b breakpoint_expected
000000008020e2d0 b uart_interrupts
000000008020e2d8 b rx_dropped
000000008020e2e0 b rx_bytes
000000008020e2e8 b write_position
000000008020e2ec b read_position
000000008020e2f0 b output_lock
000000008020e2f8 b pools
000000008020e388 b owned
000000008020f388 b reserved_end
000000008020f390 b reserved_begin
000000008020f398 b diag_frame
000000008020f3a0 b root
000000008020f3a8 B _bss_end
0000000080210000 B _kernel_end
