$ make --no-print-directory LAB=2 CPUS=8

mkdir -p build/lab2-cpu8/boot/
riscv64-linux-gnu-gcc -march=rv64imac_zicsr_zifencei -mabi=lp64 -mcmodel=medany -ffreestanding -fno-builtin -nostdlib -nostartfiles -fno-pic -fno-pie -fno-stack-protector -mno-relax -Wall -Wextra -Werror -O2 -g -MMD -MP -Iinclude -DLAB=2 -DCPUS=8 -c boot/entry.S -o build/lab2-cpu8/boot/entry.o
mkdir -p build/lab2-cpu8/boot/
riscv64-linux-gnu-gcc -march=rv64imac_zicsr_zifencei -mabi=lp64 -mcmodel=medany -ffreestanding -fno-builtin -nostdlib -nostartfiles -fno-pic -fno-pie -fno-stack-protector -mno-relax -Wall -Wextra -Werror -O2 -g -MMD -MP -Iinclude -DLAB=2 -DCPUS=8 -c boot/trap.S -o build/lab2-cpu8/boot/trap.o
mkdir -p build/lab2-cpu8/boot/
riscv64-linux-gnu-gcc -march=rv64imac_zicsr_zifencei -mabi=lp64 -mcmodel=medany -ffreestanding -fno-builtin -nostdlib -nostartfiles -fno-pic -fno-pie -fno-stack-protector -mno-relax -Wall -Wextra -Werror -O2 -g -MMD -MP -Iinclude -DLAB=2 -DCPUS=8 -c boot/start.c -o build/lab2-cpu8/boot/start.o
mkdir -p build/lab2-cpu8/kernel/
riscv64-linux-gnu-gcc -march=rv64imac_zicsr_zifencei -mabi=lp64 -mcmodel=medany -ffreestanding -fno-builtin -nostdlib -nostartfiles -fno-pic -fno-pie -fno-stack-protector -mno-relax -Wall -Wextra -Werror -O2 -g -MMD -MP -Iinclude -DLAB=2 -DCPUS=8 -c kernel/main.c -o build/lab2-cpu8/kernel/main.o
mkdir -p build/lab2-cpu8/kernel/
riscv64-linux-gnu-gcc -march=rv64imac_zicsr_zifencei -mabi=lp64 -mcmodel=medany -ffreestanding -fno-builtin -nostdlib -nostartfiles -fno-pic -fno-pie -fno-stack-protector -mno-relax -Wall -Wextra -Werror -O2 -g -MMD -MP -Iinclude -DLAB=2 -DCPUS=8 -c kernel/spinlock.c -o build/lab2-cpu8/kernel/spinlock.o
mkdir -p build/lab2-cpu8/kernel/
riscv64-linux-gnu-gcc -march=rv64imac_zicsr_zifencei -mabi=lp64 -mcmodel=medany -ffreestanding -fno-builtin -nostdlib -nostartfiles -fno-pic -fno-pie -fno-stack-protector -mno-relax -Wall -Wextra -Werror -O2 -g -MMD -MP -Iinclude -DLAB=2 -DCPUS=8 -c kernel/trap.c -o build/lab2-cpu8/kernel/trap.o
mkdir -p build/lab2-cpu8/drivers/
riscv64-linux-gnu-gcc -march=rv64imac_zicsr_zifencei -mabi=lp64 -mcmodel=medany -ffreestanding -fno-builtin -nostdlib -nostartfiles -fno-pic -fno-pie -fno-stack-protector -mno-relax -Wall -Wextra -Werror -O2 -g -MMD -MP -Iinclude -DLAB=2 -DCPUS=8 -c drivers/uart.c -o build/lab2-cpu8/drivers/uart.o
mkdir -p build/lab2-cpu8/drivers/
riscv64-linux-gnu-gcc -march=rv64imac_zicsr_zifencei -mabi=lp64 -mcmodel=medany -ffreestanding -fno-builtin -nostdlib -nostartfiles -fno-pic -fno-pie -fno-stack-protector -mno-relax -Wall -Wextra -Werror -O2 -g -MMD -MP -Iinclude -DLAB=2 -DCPUS=8 -c drivers/plic.c -o build/lab2-cpu8/drivers/plic.o
mkdir -p build/lab2-cpu8/lib/
riscv64-linux-gnu-gcc -march=rv64imac_zicsr_zifencei -mabi=lp64 -mcmodel=medany -ffreestanding -fno-builtin -nostdlib -nostartfiles -fno-pic -fno-pie -fno-stack-protector -mno-relax -Wall -Wextra -Werror -O2 -g -MMD -MP -Iinclude -DLAB=2 -DCPUS=8 -c lib/console.c -o build/lab2-cpu8/lib/console.o
mkdir -p build/lab2-cpu8/lib/
riscv64-linux-gnu-gcc -march=rv64imac_zicsr_zifencei -mabi=lp64 -mcmodel=medany -ffreestanding -fno-builtin -nostdlib -nostartfiles -fno-pic -fno-pie -fno-stack-protector -mno-relax -Wall -Wextra -Werror -O2 -g -MMD -MP -Iinclude -DLAB=2 -DCPUS=8 -c lib/memory.c -o build/lab2-cpu8/lib/memory.o
mkdir -p build/lab2-cpu8/lib/
riscv64-linux-gnu-gcc -march=rv64imac_zicsr_zifencei -mabi=lp64 -mcmodel=medany -ffreestanding -fno-builtin -nostdlib -nostartfiles -fno-pic -fno-pie -fno-stack-protector -mno-relax -Wall -Wextra -Werror -O2 -g -MMD -MP -Iinclude -DLAB=2 -DCPUS=8 -c lib/sbi.c -o build/lab2-cpu8/lib/sbi.o
mkdir -p build/lab2-cpu8/kernel/
riscv64-linux-gnu-gcc -march=rv64imac_zicsr_zifencei -mabi=lp64 -mcmodel=medany -ffreestanding -fno-builtin -nostdlib -nostartfiles -fno-pic -fno-pie -fno-stack-protector -mno-relax -Wall -Wextra -Werror -O2 -g -MMD -MP -Iinclude -DLAB=2 -DCPUS=8 -c kernel/page.c -o build/lab2-cpu8/kernel/page.o
mkdir -p build/lab2-cpu8/kernel/
riscv64-linux-gnu-gcc -march=rv64imac_zicsr_zifencei -mabi=lp64 -mcmodel=medany -ffreestanding -fno-builtin -nostdlib -nostartfiles -fno-pic -fno-pie -fno-stack-protector -mno-relax -Wall -Wextra -Werror -O2 -g -MMD -MP -Iinclude -DLAB=2 -DCPUS=8 -c kernel/vm.c -o build/lab2-cpu8/kernel/vm.o
riscv64-linux-gnu-ld -T linker.ld --defsym=KERNEL_BASE=0x80200000 -o build/lab2-cpu8/kernel.elf build/lab2-cpu8/boot/entry.o build/lab2-cpu8/boot/trap.o build/lab2-cpu8/boot/start.o build/lab2-cpu8/kernel/main.o build/lab2-cpu8/kernel/spinlock.o build/lab2-cpu8/kernel/trap.o build/lab2-cpu8/drivers/uart.o build/lab2-cpu8/drivers/plic.o build/lab2-cpu8/lib/console.o build/lab2-cpu8/lib/memory.o build/lab2-cpu8/lib/sbi.o build/lab2-cpu8/kernel/page.o build/lab2-cpu8/kernel/vm.o
