$ riscv64-linux-gnu-readelf -h /home/zpg/Work/PugeZhang/build/lab3-cpu8/kernel.elf

ELF Header:
  Magic:   7f 45 4c 46 02 01 01 00 00 00 00 00 00 00 00 00 
  Class:                             ELF64
  Data:                              2's complement, little endian
  Version:                           1 (current)
  OS/ABI:                            UNIX - System V
  ABI Version:                       0
  Type:                              EXEC (Executable file)
  Machine:                           RISC-V
  Version:                           0x1
  Entry point address:               0x80200000
  Start of program headers:          64 (bytes into file)
  Start of section headers:          114744 (bytes into file)
  Flags:                             0x1, RVC, soft-float ABI
  Size of this header:               64 (bytes)
  Size of program headers:           56 (bytes)
  Number of program headers:         4
  Size of section headers:           64 (bytes)
  Number of section headers:         17
  Section header string table index: 16

$ riscv64-linux-gnu-nm -n /home/zpg/Work/PugeZhang/build/lab3-cpu8/kernel.elf

0000000080200000 A KERNEL_BASE
0000000080200000 T _boot
0000000080200000 T _text_start
0000000080200088 T kernel_vector
0000000080200134 T trap_register_probe
0000000080200178 T trap_breakpoint_site
000000008020020c T trap_load_fault_site
000000008020020c T trap_load_probe
0000000080200214 T trap_load_fault_resume
0000000080200218 T trap_store_probe
000000008020021c T trap_store_fault_site
0000000080200224 T trap_store_fault_resume
0000000080200228 T boot_start
000000008020026e t show_memory
00000000802002dc t show_boot
0000000080200346 t run_tests
0000000080200400 t show_mapping
00000000802004c8 t wait_count.constprop.0
0000000080200506 T boot_trace_mark
000000008020051a T kernel_main
0000000080200df8 T irq_push
0000000080200e20 T irq_pop
0000000080200e5a T spin_init
0000000080200e60 T spin_acquire
0000000080200e98 T spin_release
0000000080200eda T trap_test_load_fault
0000000080200f42 T trap_test_store_fault
0000000080200faa T trap_init_hart
0000000080200fe8 T trap_enable
0000000080200ff6 T trap_ticks
0000000080201014 T trap_uart_interrupts
0000000080201020 T trap_breakpoint_test
000000008020108a T trap_handle
00000000802012b0 T trap_selftest
000000008020131a T uart_init
0000000080201338 T uart_putc
000000008020135e T uart_puts
000000008020138e T uart_enable_rx_irq
000000008020139a T uart_intr
0000000080201422 T uart_getc
0000000080201464 T uart_rx_bytes
0000000080201470 T uart_rx_dropped
000000008020147c T plic_init
000000008020148a T plic_init_hart
00000000802014b2 T plic_claim
00000000802014c8 T plic_complete
00000000802014e0 t emit_unsigned
0000000080201586 t format.constprop.0
0000000080201a58 T console_init
0000000080201a78 T console_putc
0000000080201ab0 T console_printf
0000000080201b0e T console_snprintf
0000000080201b3e T console_selftest
0000000080201ce8 T panic
0000000080201d22 T memset
0000000080201d3a T memcpy
0000000080201d52 T strcmp
0000000080201d8a T strlen
0000000080201da4 T sbi_probe_extension
0000000080201dbc T sbi_start_hart
0000000080201dd6 T sbi_boot_secondaries
0000000080201e36 T sbi_set_timer
0000000080201e74 T sbi_shutdown
0000000080201e96 t prepare_pool
0000000080201f34 t page_alloc.part.0
0000000080201fd8 T page_init
0000000080202092 T page_alloc
00000000802020a4 T page_free
00000000802021ca T page_get_stats
000000008020225e T page_selftest
000000008020271c t map_page
000000008020281c T vm_init
00000000802029b2 T vm_enable
00000000802029d0 T vm_root_address
00000000802029da T vm_diag_frame_address
00000000802029e4 T vm_lookup
0000000080202b08 T vm_selftest
0000000080204000 R _rodata_start
0000000080204000 R _text_end
0000000080205000 D _data_start
0000000080205000 D _rodata_end
0000000080205000 d boot_claim
0000000080205004 d boot_ready
0000000080205008 B _bss_start
0000000080205008 D _data_end
0000000080206000 B _boot_stack_base
000000008020e000 B _boot_stack_top
000000008020e000 b records
000000008020e080 b baseline_free
000000008020e090 b held_kernel
000000008020e0d0 b held_user
000000008020e110 b hart_page_failures
000000008020e130 b allow_release
000000008020e134 b held_count
000000008020e138 b boot_failures
000000008020e140 b leader
000000008020e148 b ready_count
000000008020e14c b global_ready
000000008020e150 b irq_depth
000000008020e170 b irq_was_enabled
000000008020e190 b expected_fault_address
000000008020e1d0 b fault_seen
000000008020e1f0 b expected_fault_cause
000000008020e230 b ticks
000000008020e270 b breakpoint_count
000000008020e2b0 b breakpoint_expected
000000008020e2d0 b uart_interrupts
000000008020e2d8 b received
000000008020e3d8 b rx_dropped
000000008020e3e0 b rx_bytes
000000008020e3e8 b write_position
000000008020e3ec b read_position
000000008020e3f0 b output_lock
000000008020e3f8 b pools
000000008020e488 b owned
000000008020f488 b reserved_end
000000008020f490 b reserved_begin
000000008020f498 b diag_frame
000000008020f4a0 b root
000000008020f4a8 B _bss_end
0000000080210000 B _kernel_end
