$ riscv64-linux-gnu-readelf -h /home/zpg/Work/PugeZhang/build/lab3-cpu1/kernel.elf

ELF Header:
  Magic:   7f 45 4c 46 02 01 01 00 00 00 00 00 00 00 00 00 
  Class:                             ELF64
  Data:                              2's complement, little endian
  Version:                           1 (current)
  OS/ABI:                            UNIX - System V
  ABI Version:                       0
  Type:                              EXEC (Executable file)
  Machine:                           RISC-V
  Version:                           0x1
  Entry point address:               0x80200000
  Start of program headers:          64 (bytes into file)
  Start of section headers:          114160 (bytes into file)
  Flags:                             0x1, RVC, soft-float ABI
  Size of this header:               64 (bytes)
  Size of program headers:           56 (bytes)
  Number of program headers:         4
  Size of section headers:           64 (bytes)
  Number of section headers:         17
  Section header string table index: 16

$ riscv64-linux-gnu-nm -n /home/zpg/Work/PugeZhang/build/lab3-cpu1/kernel.elf

0000000080200000 A KERNEL_BASE
0000000080200000 T _boot
0000000080200000 T _text_start
0000000080200088 T kernel_vector
0000000080200134 T trap_register_probe
0000000080200178 T trap_breakpoint_site
000000008020020c T trap_load_fault_site
000000008020020c T trap_load_probe
0000000080200214 T trap_load_fault_resume
0000000080200218 T trap_store_probe
000000008020021c T trap_store_fault_site
0000000080200224 T trap_store_fault_resume
0000000080200228 T boot_start
000000008020026e t show_memory
00000000802002dc t show_boot
0000000080200318 t run_tests
00000000802003d2 t show_mapping
000000008020049a t wait_count.constprop.0
00000000802004d8 T boot_trace_mark
00000000802004ec T kernel_main
0000000080200d40 T irq_push
0000000080200d68 T irq_pop
0000000080200da2 T spin_init
0000000080200da8 T spin_acquire
0000000080200de0 T spin_release
0000000080200e22 T trap_test_load_fault
0000000080200e8a T trap_test_store_fault
0000000080200ef2 T trap_init_hart
0000000080200f30 T trap_enable
0000000080200f3e T trap_ticks
0000000080200f5c T trap_uart_interrupts
0000000080200f68 T trap_breakpoint_test
0000000080200fd2 T trap_handle
00000000802011f8 T trap_selftest
0000000080201262 T uart_init
0000000080201280 T uart_putc
00000000802012a6 T uart_puts
00000000802012d6 T uart_enable_rx_irq
00000000802012e2 T uart_intr
000000008020136a T uart_getc
00000000802013ac T uart_rx_bytes
00000000802013b8 T uart_rx_dropped
00000000802013c4 T plic_init
00000000802013d2 T plic_init_hart
00000000802013fa T plic_claim
0000000080201410 T plic_complete
0000000080201428 t emit_unsigned
00000000802014ce t format.constprop.0
00000000802019a0 T console_init
00000000802019c0 T console_putc
00000000802019f8 T console_printf
0000000080201a56 T console_snprintf
0000000080201a86 T console_selftest
0000000080201c30 T panic
0000000080201c6a T memset
0000000080201c82 T memcpy
0000000080201c9a T strcmp
0000000080201cd2 T strlen
0000000080201cec T sbi_probe_extension
0000000080201d04 T sbi_start_hart
0000000080201d1e T sbi_boot_secondaries
0000000080201d7e T sbi_set_timer
0000000080201dbc T sbi_shutdown
0000000080201dde t prepare_pool
0000000080201e7c t page_alloc.part.0
0000000080201f20 T page_init
0000000080201fda T page_alloc
0000000080201fec T page_free
0000000080202112 T page_get_stats
00000000802021a6 T page_selftest
0000000080202664 t map_page
0000000080202764 T vm_init
00000000802028fa T vm_enable
0000000080202918 T vm_root_address
0000000080202922 T vm_diag_frame_address
000000008020292c T vm_lookup
0000000080202a50 T vm_selftest
0000000080204000 R _rodata_start
0000000080204000 R _text_end
0000000080205000 D _data_start
0000000080205000 D _rodata_end
0000000080205000 d boot_claim
0000000080205004 d boot_ready
0000000080205008 B _bss_start
0000000080205008 D _data_end
0000000080206000 B _boot_stack_base
000000008020e000 B _boot_stack_top
000000008020e000 b records
000000008020e080 b baseline_free
000000008020e090 b held_kernel
000000008020e0d0 b held_user
000000008020e110 b hart_page_failures
000000008020e130 b allow_release
000000008020e134 b held_count
000000008020e138 b boot_failures
000000008020e140 b leader
000000008020e148 b ready_count
000000008020e14c b global_ready
000000008020e150 b irq_depth
000000008020e170 b irq_was_enabled
000000008020e190 b expected_fault_address
000000008020e1d0 b fault_seen
000000008020e1f0 b expected_fault_cause
000000008020e230 b ticks
000000008020e270 b breakpoint_count
000000008020e2b0 b breakpoint_expected
000000008020e2d0 b uart_interrupts
000000008020e2d8 b received
000000008020e3d8 b rx_dropped
000000008020e3e0 b rx_bytes
000000008020e3e8 b write_position
000000008020e3ec b read_position
000000008020e3f0 b output_lock
000000008020e3f8 b pools
000000008020e488 b owned
000000008020f488 b reserved_end
000000008020f490 b reserved_begin
000000008020f498 b diag_frame
000000008020f4a0 b root
000000008020f4a8 B _bss_end
0000000080210000 B _kernel_end
