$ riscv64-linux-gnu-readelf -h /home/zpg/Work/PugeZhang/lab1/build/cpu1/kernel.elf

ELF Header:
  Magic:   7f 45 4c 46 02 01 01 00 00 00 00 00 00 00 00 00 
  Class:                             ELF64
  Data:                              2's complement, little endian
  Version:                           1 (current)
  OS/ABI:                            UNIX - System V
  ABI Version:                       0
  Type:                              EXEC (Executable file)
  Machine:                           RISC-V
  Version:                           0x1
  Entry point address:               0x80000000
  Start of program headers:          64 (bytes into file)
  Start of section headers:          51144 (bytes into file)
  Flags:                             0x1, RVC, soft-float ABI
  Size of this header:               64 (bytes)
  Size of program headers:           56 (bytes)
  Number of program headers:         4
  Size of section headers:           64 (bytes)
  Number of section headers:         17
  Section header string table index: 16

$ riscv64-linux-gnu-nm -n /home/zpg/Work/PugeZhang/lab1/build/cpu1/kernel.elf

0000000080000000 T _boot
0000000080000088 T kernel_vector
00000000800000a4 T boot_start
000000008000011a T boot_trace_mark
000000008000012e T boot_set_leader
0000000080000138 T boot_leader
0000000080000142 T boot_publish_global
0000000080000154 T boot_wait_global
000000008000016c T boot_hart_ready
000000008000019e T boot_wait_all
00000000800001e4 T boot_snapshot
0000000080000234 T kernel_main
000000008000033e T spin_init
0000000080000344 T spin_acquire
0000000080000356 T spin_release
0000000080000360 t print_hex
00000000800003a4 T trap_init_hart
00000000800003bc T trap_handle
000000008000043a T platform_shutdown
000000008000045c T uart_init
000000008000047a T uart_putc
00000000800004a0 T uart_puts
00000000800004d0 T uart_getc
00000000800004ea T diagnostics_boot
000000008000051c T monitor_run
000000008000078c T selftest_hart
00000000800007c8 T selftest_run
0000000080000984 t emit_unsigned
0000000080000a2a t format.constprop.0
0000000080000efc T console_init
0000000080000f1c T console_putc
0000000080000f54 T console_printf
0000000080000fb2 T console_snprintf
0000000080000fe2 T panic
000000008000101c T strcmp
0000000080001054 T strlen
0000000080003000 d boot_claim
0000000080003004 d boot_ready
0000000080003008 B _bss_start
0000000080004000 B _boot_stack_base
000000008000c000 B _boot_stack_top
000000008000c000 b records
000000008000c080 b leader
000000008000c088 b ready_count
000000008000c08c b global_ready
000000008000c090 b output_lock
000000008000c098 B _bss_end
000000008000d000 B _kernel_end
