$ riscv64-linux-gnu-readelf -h /home/zpg/Work/PugeZhang/lab1/build/cpu8/kernel.elf

ELF Header:
  Magic:   7f 45 4c 46 02 01 01 00 00 00 00 00 00 00 00 00 
  Class:                             ELF64
  Data:                              2's complement, little endian
  Version:                           1 (current)
  OS/ABI:                            UNIX - System V
  ABI Version:                       0
  Type:                              EXEC (Executable file)
  Machine:                           RISC-V
  Version:                           0x1
  Entry point address:               0x80000000
  Start of program headers:          64 (bytes into file)
  Start of section headers:          51200 (bytes into file)
  Flags:                             0x1, RVC, soft-float ABI
  Size of this header:               64 (bytes)
  Size of program headers:           56 (bytes)
  Number of program headers:         4
  Size of section headers:           64 (bytes)
  Number of section headers:         17
  Section header string table index: 16

$ riscv64-linux-gnu-nm -n /home/zpg/Work/PugeZhang/lab1/build/cpu8/kernel.elf

0000000080000000 T _boot
0000000080000088 T kernel_vector
00000000800000a4 T boot_start
000000008000011a T boot_trace_mark
000000008000012e T boot_set_leader
0000000080000138 T boot_leader
0000000080000142 T boot_publish_global
0000000080000154 T boot_wait_global
000000008000016c T boot_hart_ready
000000008000019e T boot_wait_all
00000000800001e4 T boot_snapshot
0000000080000240 T kernel_main
000000008000034a T spin_init
0000000080000350 T spin_acquire
0000000080000362 T spin_release
000000008000036c t print_hex
00000000800003b0 T trap_init_hart
00000000800003c8 T trap_handle
0000000080000446 T platform_shutdown
0000000080000468 T uart_init
0000000080000486 T uart_putc
00000000800004ac T uart_puts
00000000800004dc T uart_getc
00000000800004f6 T diagnostics_boot
0000000080000542 T monitor_run
00000000800007b2 T selftest_hart
00000000800007ee T selftest_run
00000000800009aa t emit_unsigned
0000000080000a50 t format.constprop.0
0000000080000f22 T console_init
0000000080000f42 T console_putc
0000000080000f7a T console_printf
0000000080000fd8 T console_snprintf
0000000080001008 T panic
0000000080001042 T strcmp
000000008000107a T strlen
0000000080003000 d boot_claim
0000000080003004 d boot_ready
0000000080003008 B _bss_start
0000000080004000 B _boot_stack_base
000000008000c000 B _boot_stack_top
000000008000c000 b records
000000008000c080 b leader
000000008000c088 b ready_count
000000008000c08c b global_ready
000000008000c090 b output_lock
000000008000c098 B _bss_end
000000008000d000 B _kernel_end
