$ riscv64-linux-gnu-readelf -h /home/zpg/Work/PugeZhang/lab2/build/cpu8/kernel.elf

ELF Header:
  Magic:   7f 45 4c 46 02 01 01 00 00 00 00 00 00 00 00 00 
  Class:                             ELF64
  Data:                              2's complement, little endian
  Version:                           1 (current)
  OS/ABI:                            UNIX - System V
  ABI Version:                       0
  Type:                              EXEC (Executable file)
  Machine:                           RISC-V
  Version:                           0x1
  Entry point address:               0x80200000
  Start of program headers:          64 (bytes into file)
  Start of section headers:          107992 (bytes into file)
  Flags:                             0x1, RVC, soft-float ABI
  Size of this header:               64 (bytes)
  Size of program headers:           56 (bytes)
  Number of program headers:         4
  Size of section headers:           64 (bytes)
  Number of section headers:         17
  Section header string table index: 16

$ riscv64-linux-gnu-nm -n /home/zpg/Work/PugeZhang/lab2/build/cpu8/kernel.elf

0000000080200000 T _boot
0000000080200000 T _text_start
0000000080200088 T kernel_vector
0000000080200134 T trap_load_fault_site
0000000080200134 T trap_load_probe
000000008020013c T trap_load_fault_resume
0000000080200140 T trap_store_probe
0000000080200144 T trap_store_fault_site
000000008020014c T trap_store_fault_resume
0000000080200150 T boot_dtb_size
00000000802001d6 T boot_start
000000008020021c T boot_set_leader
0000000080200226 T boot_leader
0000000080200230 T boot_trace_mark
0000000080200244 T boot_publish_global
0000000080200256 T boot_wait_global
000000008020026e T boot_hart_ready
00000000802002a0 T boot_wait_all
00000000802002e6 T boot_snapshot
0000000080200342 T kernel_main
0000000080200510 T irq_push
0000000080200538 T irq_pop
0000000080200572 T spin_init
0000000080200578 T spin_acquire
00000000802005b0 T spin_release
00000000802005f2 t prepare_pool
0000000080200690 t page_alloc.part.0
0000000080200734 T page_init
00000000802007ee T page_alloc
0000000080200800 T page_free
0000000080200926 T page_get_stats
00000000802009ba T page_selftest
0000000080200e78 t map_page
0000000080200f78 T vm_init
000000008020110e T vm_enable
000000008020112c T vm_root_address
0000000080201136 T vm_diag_frame_address
0000000080201140 T vm_lookup
0000000080201264 T vm_selftest
0000000080201af2 T trap_test_load_fault
0000000080201b5a T trap_test_store_fault
0000000080201bc2 T trap_init_hart
0000000080201bde T trap_handle
0000000080201d3c T platform_shutdown
0000000080201d5e T uart_init
0000000080201d7c T uart_putc
0000000080201da2 T uart_puts
0000000080201dd2 T uart_getc
0000000080201dec t show_mapping
0000000080201eb4 T diagnostics_boot
0000000080201f00 T diagnostics_memory
0000000080201f6e T diagnostics_vm
00000000802020d0 T monitor_run
000000008020237e T selftest_run
000000008020240a T selftest_prepare
0000000080202440 T selftest_hart
000000008020260c T selftest_parallel_result
00000000802026a0 t emit_unsigned
0000000080202746 t format.constprop.0
0000000080202c18 T console_init
0000000080202c38 T console_putc
0000000080202c70 T console_printf
0000000080202cce T console_snprintf
0000000080202cfe T console_selftest
0000000080202ea8 T panic
0000000080202ee2 T memset
0000000080202efa T memcpy
0000000080202f12 T strcmp
0000000080202f4a T strlen
0000000080202f64 T sbi_probe_extension
0000000080202f7c T sbi_start_hart
0000000080202f96 T sbi_boot_secondaries
0000000080203000 R _rodata_start
0000000080203000 R _text_end
0000000080204000 D _data_start
0000000080204000 D _rodata_end
0000000080204000 d boot_claim
0000000080204004 d boot_ready
0000000080204008 B _bss_start
0000000080204008 D _data_end
0000000080205000 B _boot_stack_base
000000008020d000 B _boot_stack_top
000000008020d000 b records
000000008020d080 b leader
000000008020d088 b ready_count
000000008020d08c b global_ready
000000008020d090 b irq_depth
000000008020d0b0 b irq_was_enabled
000000008020d0d0 b pools
000000008020d160 b owned
000000008020e160 b reserved_end
000000008020e168 b reserved_begin
000000008020e170 b diag_frame
000000008020e178 b root
000000008020e180 b expected_fault_address
000000008020e1c0 b fault_seen
000000008020e1e0 b expected_fault_cause
000000008020e220 b baseline_free
000000008020e230 b held_kernel
000000008020e270 b held_user
000000008020e2b0 b hart_page_failures
000000008020e2d0 b allow_release
000000008020e2d4 b held_count
000000008020e2d8 b output_lock
000000008020e2e0 B _bss_end
000000008020f000 B _kernel_end
