$ riscv64-linux-gnu-readelf -h /home/zpg/Work/PugeZhang/lab2/build/cpu1/kernel.elf

ELF Header:
  Magic:   7f 45 4c 46 02 01 01 00 00 00 00 00 00 00 00 00 
  Class:                             ELF64
  Data:                              2's complement, little endian
  Version:                           1 (current)
  OS/ABI:                            UNIX - System V
  ABI Version:                       0
  Type:                              EXEC (Executable file)
  Machine:                           RISC-V
  Version:                           0x1
  Entry point address:               0x80200000
  Start of program headers:          64 (bytes into file)
  Start of section headers:          107496 (bytes into file)
  Flags:                             0x1, RVC, soft-float ABI
  Size of this header:               64 (bytes)
  Size of program headers:           56 (bytes)
  Number of program headers:         4
  Size of section headers:           64 (bytes)
  Number of section headers:         17
  Section header string table index: 16

$ riscv64-linux-gnu-nm -n /home/zpg/Work/PugeZhang/lab2/build/cpu1/kernel.elf

0000000080200000 T _boot
0000000080200000 T _text_start
0000000080200088 T kernel_vector
0000000080200134 T trap_load_fault_site
0000000080200134 T trap_load_probe
000000008020013c T trap_load_fault_resume
0000000080200140 T trap_store_probe
0000000080200144 T trap_store_fault_site
000000008020014c T trap_store_fault_resume
0000000080200150 T boot_dtb_size
00000000802001d6 T boot_start
000000008020021c T boot_set_leader
0000000080200226 T boot_leader
0000000080200230 T boot_trace_mark
0000000080200244 T boot_publish_global
0000000080200256 T boot_wait_global
000000008020026e T boot_hart_ready
00000000802002a0 T boot_wait_all
00000000802002e6 T boot_snapshot
0000000080200336 T kernel_main
0000000080200504 T irq_push
000000008020052c T irq_pop
0000000080200566 T spin_init
000000008020056c T spin_acquire
00000000802005a4 T spin_release
00000000802005e6 t prepare_pool
0000000080200684 t page_alloc.part.0
0000000080200728 T page_init
00000000802007e2 T page_alloc
00000000802007f4 T page_free
000000008020091a T page_get_stats
00000000802009ae T page_selftest
0000000080200e6c t map_page
0000000080200f6c T vm_init
0000000080201102 T vm_enable
0000000080201120 T vm_root_address
000000008020112a T vm_diag_frame_address
0000000080201134 T vm_lookup
0000000080201258 T vm_selftest
0000000080201ae6 T trap_test_load_fault
0000000080201b4e T trap_test_store_fault
0000000080201bb6 T trap_init_hart
0000000080201bd2 T trap_handle
0000000080201d30 T platform_shutdown
0000000080201d52 T uart_init
0000000080201d70 T uart_putc
0000000080201d96 T uart_puts
0000000080201dc6 T uart_getc
0000000080201de0 t show_mapping
0000000080201ea8 T diagnostics_boot
0000000080201eda T diagnostics_memory
0000000080201f48 T diagnostics_vm
00000000802020aa T monitor_run
0000000080202358 T selftest_run
00000000802023e4 T selftest_prepare
000000008020241a T selftest_hart
000000008020258e T selftest_parallel_result
0000000080202606 t emit_unsigned
00000000802026ac t format.constprop.0
0000000080202b7e T console_init
0000000080202b9e T console_putc
0000000080202bd6 T console_printf
0000000080202c34 T console_snprintf
0000000080202c64 T console_selftest
0000000080202e0e T panic
0000000080202e48 T memset
0000000080202e60 T memcpy
0000000080202e78 T strcmp
0000000080202eb0 T strlen
0000000080202eca T sbi_probe_extension
0000000080202ee2 T sbi_start_hart
0000000080202efc T sbi_boot_secondaries
0000000080203000 R _rodata_start
0000000080203000 R _text_end
0000000080204000 D _data_start
0000000080204000 D _rodata_end
0000000080204000 d boot_claim
0000000080204004 d boot_ready
0000000080204008 B _bss_start
0000000080204008 D _data_end
0000000080205000 B _boot_stack_base
000000008020d000 B _boot_stack_top
000000008020d000 b records
000000008020d080 b leader
000000008020d088 b ready_count
000000008020d08c b global_ready
000000008020d090 b irq_depth
000000008020d0b0 b irq_was_enabled
000000008020d0d0 b pools
000000008020d160 b owned
000000008020e160 b reserved_end
000000008020e168 b reserved_begin
000000008020e170 b diag_frame
000000008020e178 b root
000000008020e180 b expected_fault_address
000000008020e1c0 b fault_seen
000000008020e1e0 b expected_fault_cause
000000008020e220 b baseline_free
000000008020e230 b held_kernel
000000008020e270 b held_user
000000008020e2b0 b hart_page_failures
000000008020e2d0 b allow_release
000000008020e2d4 b held_count
000000008020e2d8 b output_lock
000000008020e2e0 B _bss_end
000000008020f000 B _kernel_end
